I am committing first feature.